../Src/main.c:128:5:main	128	static
../Src/main.c:223:6:SystemClock_Config	96	static
../Src/main.c:274:13:MX_DAC1_Init	48	static
../Src/main.c:318:13:MX_DFSDM1_Init	8	static
../Src/main.c:371:13:MX_I2C2_Init	8	static
../Src/main.c:419:13:MX_TIM2_Init	40	static
../Src/main.c:464:13:MX_USART1_UART_Init	8	static
../Src/main.c:510:13:MX_DMA_Init	16	static
../Src/main.c:532:13:MX_GPIO_Init	48	static
../Src/main.c:573:6:HAL_DFSDM_FilterRegConvHalfCpltCallback	16	static
../Src/main.c:576:6:HAL_DFSDM_FilterRegConvCpltCallback	16	static
../Src/main.c:579:6:HAL_GPIO_EXTI_Callback	16	static
../Src/main.c:593:6:StartButtonTask	16	static
../Src/main.c:628:6:StartTransmitTask	64	static
../Src/main.c:716:6:StartReadTask	16	static
../Src/main.c:821:6:StartKillTask	16	static
../Src/main.c:855:6:HAL_TIM_PeriodElapsedCallback	16	static
../Src/main.c:872:6:Error_Handler	4	static,ignoring_inline_asm
